// Jest Snapshot v1, https://goo.gl/fbAQLP

exports[`Should LoadingScreen render correctly 1`] = `
<div>
  <div
    style="display: flex; justify-content: center; align-items: center; background-color: rgb(220, 220, 220); width: 100%; height: 100%;"
  >
    <p
      style="margin-top: 20%; font-size: 18px; letter-spacing: 2px;"
    >
      Loading...
    </p>
  </div>
</div>
`;
